  LD [M]  net/tipc/tipc_diag.ko
  LD [M]  net/smc/smc.ko
  BTF [M] net/tipc/tipc_diag.ko
  LD [M]  net/smc/smc_diag.ko
  BTF [M] net/smc/smc_diag.ko
  BTF [M] net/tipc/tipc.ko
  BTF [M] net/smc/smc.ko
  LD [M]  net/9p/9pnet.ko
  LD [M]  net/9p/9pnet_fd.ko
  BTF [M] net/mac80211/mac80211.ko
  BTF [M] net/9p/9pnet_fd.ko
  BTF [M] net/9p/9pnet.ko
  LD [M]  net/9p/9pnet_xen.ko
  BTF [M] net/9p/9pnet_xen.ko
  LD [M]  net/9p/9pnet_virtio.ko
  BTF [M] net/9p/9pnet_virtio.ko
  LD [M]  net/9p/9pnet_rdma.ko
  BTF [M] net/9p/9pnet_rdma.ko
  LD [M]  net/9p/9pnet_usbg.ko
  BTF [M] net/9p/9pnet_usbg.ko
  LD [M]  net/6lowpan/6lowpan.ko
  BTF [M] net/6lowpan/6lowpan.ko
  LD [M]  net/6lowpan/nhc_dest.ko
  LD [M]  net/6lowpan/nhc_fragment.ko
  BTF [M] net/6lowpan/nhc_dest.ko
  BTF [M] net/6lowpan/nhc_fragment.ko
  LD [M]  net/6lowpan/nhc_hop.ko
  BTF [M] net/6lowpan/nhc_hop.ko
  LD [M]  net/6lowpan/nhc_ipv6.ko
  BTF [M] net/6lowpan/nhc_ipv6.ko
  LD [M]  net/6lowpan/nhc_mobility.ko
  LD [M]  net/6lowpan/nhc_routing.ko
  BTF [M] net/6lowpan/nhc_routing.ko
  BTF [M] net/6lowpan/nhc_mobility.ko
  LD [M]  net/6lowpan/nhc_udp.ko
  LD [M]  net/ieee802154/6lowpan/ieee802154_6lowpan.ko
  BTF [M] net/6lowpan/nhc_udp.ko
  LD [M]  net/ieee802154/ieee802154.ko
  BTF [M] net/ieee802154/6lowpan/ieee802154_6lowpan.ko
  LD [M]  net/ieee802154/ieee802154_socket.ko
  BTF [M] net/ieee802154/ieee802154_socket.ko
  BTF [M] net/ieee802154/ieee802154.ko
  LD [M]  net/mac802154/mac802154.ko
  LD [M]  net/ceph/libceph.ko
  BTF [M] net/mac802154/mac802154.ko
  LD [M]  net/batman-adv/batman-adv.ko
  LD [M]  net/nfc/nfc.ko
  LD [M]  net/nfc/nci/nci.ko
  BTF [M] net/ceph/libceph.ko
  LD [M]  net/nfc/nci/nci_spi.ko
  BTF [M] net/nfc/nci/nci_spi.ko
  BTF [M] net/batman-adv/batman-adv.ko
  BTF [M] net/nfc/nci/nci.ko
  BTF [M] net/nfc/nfc.ko
  LD [M]  net/nfc/nci/nci_uart.ko
  BTF [M] net/nfc/nci/nci_uart.ko
  LD [M]  net/nfc/hci/hci.ko
  BTF [M] net/nfc/hci/hci.ko
  LD [M]  net/nfc/nfc_digital.ko
  LD [M]  net/psample/psample.ko
  LD [M]  net/ife/ife.ko
  BTF [M] net/nfc/nfc_digital.ko
  BTF [M] net/psample/psample.ko
  BTF [M] net/ife/ife.ko
  LD [M]  net/openvswitch/openvswitch.ko
  LD [M]  net/openvswitch/vport-vxlan.ko
  BTF [M] net/openvswitch/vport-vxlan.ko
  LD [M]  net/openvswitch/vport-geneve.ko
  BTF [M] net/openvswitch/openvswitch.ko
  LD [M]  net/openvswitch/vport-gre.ko
  BTF [M] net/openvswitch/vport-geneve.ko
  BTF [M] net/openvswitch/vport-gre.ko
  LD [M]  net/vmw_vsock/vsock.ko
  LD [M]  net/vmw_vsock/vsock_diag.ko
  BTF [M] net/vmw_vsock/vsock.ko
  LD [M]  net/vmw_vsock/vmw_vsock_vmci_transport.ko
  BTF [M] net/vmw_vsock/vsock_diag.ko
  LD [M]  net/vmw_vsock/vmw_vsock_virtio_transport.ko
  BTF [M] net/vmw_vsock/vmw_vsock_virtio_transport.ko
  BTF [M] net/vmw_vsock/vmw_vsock_vmci_transport.ko
  LD [M]  net/vmw_vsock/vmw_vsock_virtio_transport_common.ko
  BTF [M] net/vmw_vsock/vmw_vsock_virtio_transport_common.ko
  LD [M]  net/vmw_vsock/hv_sock.ko
  LD [M]  net/vmw_vsock/vsock_loopback.ko
  BTF [M] net/vmw_vsock/hv_sock.ko
  BTF [M] net/vmw_vsock/vsock_loopback.ko
  LD [M]  net/nsh/nsh.ko
  LD [M]  net/hsr/hsr.ko
  BTF [M] net/nsh/nsh.ko
  LD [M]  net/qrtr/qrtr.ko
  BTF [M] net/hsr/hsr.ko
  BTF [M] net/qrtr/qrtr.ko
  LD [M]  net/qrtr/qrtr-smd.ko
  LD [M]  net/qrtr/qrtr-tun.ko
  BTF [M] net/qrtr/qrtr-smd.ko
  BTF [M] net/qrtr/qrtr-tun.ko
  LD [M]  net/qrtr/qrtr-mhi.ko
  BTF [M] net/qrtr/qrtr-mhi.ko
  LD [M]  virt/lib/irqbypass.ko
  BTF [M] virt/lib/irqbypass.ko
BUILD_EXIT=0
